sudw